
The total of 94 haplotypes are:
haplotype    1 :   2   1   1   2   1   1   1   1   2	0.191149241
haplotype    2 :   2   1   1   2   1   2   2   2   1	0.171951589
haplotype    3 :   1   2   1   2   2   2   2   2   2	0.186486594
haplotype    4 :   2   1   2   1   2   1   2   2   2	0.001500000
haplotype    5 :   1   1   2   1   2   1   2   2   2	0.002000000
haplotype    6 :   2   2   1   2   2   2   2   2   2	0.001008067
haplotype    7 :   1   1   2   2   1   1   1   1   2	0.179324941
haplotype    8 :   1   1   2   1   1   2   1   1   2	0.172417840
haplotype    9 :   1   1   2   1   1   2   1   1   1	0.001025009
haplotype   10 :   1   2   2   1   1   2   1   1   2	0.002043509
haplotype   11 :   1   2   2   1   1   2   2   1   2	0.000501425
haplotype   12 :   1   2   2   1   1   1   1   1   2	0.001000000
haplotype   13 :   1   1   1   1   1   2   1   1   2	0.000505091
haplotype   14 :   2   2   2   2   1   1   2   2   2	0.001636364
haplotype   15 :   1   1   2   1   1   2   1   2   2	0.000502181
haplotype   16 :   2   1   1   2   1   1   1   2   1	0.002500000
haplotype   17 :   2   1   1   1   2   2   1   1   2	0.000500000
haplotype   18 :   1   2   2   2   2   1   1   2   2	0.000005673
haplotype   19 :   1   2   2   2   2   1   1   2   1	0.001496111
haplotype   20 :   2   2   2   2   2   2   2   2   2	0.001000000
haplotype   21 :   1   2   2   1   2   1   2   2   1	0.002000000
haplotype   22 :   2   1   2   1   2   2   1   2   1	0.001000000
haplotype   23 :   2   1   2   2   1   2   2   2   1	0.002029158
haplotype   24 :   2   1   2   2   1   2   2   1   1	0.000001786
haplotype   25 :   2   1   1   1   1   2   1   2   1	0.001000000
haplotype   26 :   2   1   1   1   1   2   1   2   2	0.001500000
haplotype   27 :   2   1   1   1   2   2   1   1   1	0.001333333
haplotype   28 :   2   1   1   1   1   2   2   2   1	0.001516354
haplotype   29 :   1   1   1   1   1   2   1   1   1	0.002500000
haplotype   30 :   1   1   1   1   2   2   1   1   2	0.001000000
haplotype   31 :   1   1   1   1   1   2   2   2   1	0.000500000
haplotype   32 :   1   1   1   1   2   2   2   2   1	0.001249583
haplotype   33 :   1   1   1   1   2   2   2   1   1	0.001000000
haplotype   34 :   1   1   1   1   2   2   2   2   2	0.001253756
haplotype   35 :   1   1   1   2   1   1   2   2   2	0.001000000
haplotype   36 :   2   2   1   2   2   2   2   2   1	0.001500000
haplotype   37 :   2   2   1   2   1   1   1   1   2	0.001017207
haplotype   38 :   1   2   1   1   1   2   1   1   2	0.000601989
haplotype   39 :   1   2   1   1   2   2   1   1   2	0.002399726
haplotype   40 :   2   1   1   2   2   2   1   1   2	0.002007810
haplotype   41 :   1   2   1   2   1   1   2   1   1	0.001500000
haplotype   42 :   2   1   2   2   1   2   1   2   2	0.002000000
haplotype   43 :   1   2   1   2   2   1   1   2   1	0.000004064
haplotype   44 :   1   2   1   1   2   1   2   2   1	0.000997559
haplotype   45 :   1   2   2   2   1   2   1   1   2	0.001503223
haplotype   46 :   1   1   1   2   1   2   2   2   2	0.002000000
haplotype   47 :   2   2   1   2   1   2   2   2   2	0.001502000
haplotype   48 :   2   2   1   2   1   2   2   1   2	0.000500000
haplotype   49 :   2   2   1   2   2   1   2   2   2	0.001000000
haplotype   50 :   2   2   1   2   1   1   2   2   2	0.002000000
haplotype   51 :   2   2   2   2   2   2   2   1   2	0.000500000
haplotype   52 :   2   1   2   2   2   2   1   1   2	0.000500000
haplotype   53 :   1   1   2   2   2   2   1   2   1	0.000500000
haplotype   54 :   2   1   1   2   2   2   1   1   1	0.000666667
haplotype   55 :   1   2   1   2   1   2   2   1   2	0.001000000
haplotype   56 :   2   1   2   2   2   1   1   2   1	0.001000000
haplotype   57 :   2   2   1   1   1   1   2   1   1	0.001162471
haplotype   58 :   1   1   1   2   2   1   1   1   1	0.001500000
haplotype   59 :   1   1   1   2   2   2   1   1   1	0.000500000
haplotype   60 :   2   1   2   2   1   1   2   1   1	0.000001606
haplotype   61 :   2   2   1   2   2   2   2   1   2	0.001000000
haplotype   62 :   2   1   2   2   1   2   2   1   2	0.000004534
haplotype   63 :   1   1   2   2   1   2   1   2   1	0.000666667
haplotype   64 :   2   1   2   2   1   1   2   2   2	0.001876830
haplotype   65 :   2   2   2   2   2   1   1   2   1	0.000500000
haplotype   66 :   1   1   1   2   2   1   2   2   1	0.000500000
haplotype   67 :   2   2   2   2   1   1   2   2   1	0.004363636
haplotype   68 :   2   1   2   2   1   1   2   1   2	0.000616052
haplotype   69 :   1   1   1   2   1   1   2   2   1	0.001002899
haplotype   70 :   1   1   1   2   1   2   1   2   1	0.001333333
haplotype   71 :   2   2   2   1   1   1   2   1   1	0.001162471
haplotype   72 :   1   2   1   1   1   1   1   1   1	0.000500000
haplotype   73 :   1   2   1   2   2   2   1   2   1	0.000500000
haplotype   74 :   2   2   2   1   1   1   1   1   1	0.001500000
haplotype   75 :   1   2   1   1   1   1   2   1   1	0.001175059
haplotype   76 :   1   1   2   1   2   1   2   1   2	0.001000000
haplotype   77 :   1   2   2   2   1   2   2   1   1	0.001500000
haplotype   78 :   2   2   1   1   2   1   1   1   2	0.001500000
haplotype   79 :   1   2   2   1   2   1   1   2   2	0.000996594
haplotype   80 :   1   2   1   1   2   2   1   2   1	0.000500000
haplotype   81 :   2   2   2   1   1   2   1   1   1	0.001500000
haplotype   82 :   1   1   1   2   2   2   2   1   1	0.000500000
haplotype   83 :   2   1   2   1   1   1   2   1   2	0.001000000
haplotype   84 :   1   2   1   1   2   2   2   2   1	0.000500000
haplotype   85 :   1   2   1   1   2   1   2   1   2	0.000500000
haplotype   86 :   2   2   2   2   2   2   2   1   1	0.000500000
haplotype   87 :   2   2   2   2   2   2   1   2   1	0.001000000
haplotype   88 :   2   2   2   1   2   2   1   2   2	0.001000000
haplotype   89 :   1   1   2   1   2   1   1   2   1	0.001500000
haplotype   90 :   2   2   2   1   2   2   1   1   1	0.001500000
haplotype   91 :   2   1   2   1   1   1   1   2   1	0.000500000
haplotype   92 :   2   2   2   2   1   2   1   1   1	0.001000000
haplotype   93 :   2   1   2   1   2   1   2   1   2	0.001000000
haplotype   94 :   2   2   2   1   2   2   2   2   2	0.000500000


