TDTEX -- 15 Jun 2006 14:54:59 -- [S.A.G.E. v5.2.0; 15 Jun 2006]
COPYRIGHT (C) 2005 CASE WESTERN RESERVE UNIVERSITY
=====================

     Analysis #1

=====================

  Transmission type:        Allele             
  Marker:                   m1                 
  Trait:                    aff                
  Parental trait:           Not specified      
  Parental sex(es) scored:  Paternal/maternal  
  Max. children/family:                     1  
  Max. sib pairs/family:                    0  

----------------
  T/NT  A   B   
----------------
  A      0   1  
  B      1   0  

---------------------------------------------------------------------
  Group               Informative count  Total count  % Informative  
---------------------------------------------------------------------
  Pedigrees                           1            1   1.000000      
  Families                            1            1   1.000000      
  Affected children                   1            1   1.000000      
  Affected sib pairs                  0            0   0.000000      
  Sample size                         2            2   1.000000      

----------------------------------------------------------
  Exact test statistic              P-value    Std. err.  
----------------------------------------------------------
  Exact McNemar test                (skipped)             
  Monte Carlo McNemar test          (skipped)             
  Monte Carlo Marginal Homogeneity  (skipped)             

----------------------------------------------------
  Asymptotic test statistic          P-value        
----------------------------------------------------
  McNemar test                       1.00000000     
  Continuity corrected McNemar test  0.47950012     
  Marginal homogeneity test          1.00000000     

  Transmission type:        Allele         
  Marker:                   m1             
  Trait:                    aff            
  Parental trait:           Not specified  
  Parental sex(es) scored:  Paternal       
  Max. children/family:                 1  
  Max. sib pairs/family:                0  

---------------------------------------------------------------------
  Group               Informative count  Total count  % Informative  
---------------------------------------------------------------------
  Pedigrees                           0            1   0.000000      
  Families                            0            1   0.000000      
  Affected children                   0            0   0.000000      
  Affected sib pairs                  0            0   0.000000      
  Sample size                         0            0   0.000000      

----------------------------------------------------------
  Exact test statistic              P-value    Std. err.  
----------------------------------------------------------
  Exact McNemar test                (skipped)             
  Monte Carlo McNemar test          (skipped)             
  Monte Carlo Marginal Homogeneity  (skipped)             

----------------------------------------------------
  Asymptotic test statistic          P-value        
----------------------------------------------------
  McNemar test                       ----------     
  Continuity corrected McNemar test  ----------     
  Marginal homogeneity test          ----------     

  Transmission type:        Allele         
  Marker:                   m1             
  Trait:                    aff            
  Parental trait:           Not specified  
  Parental sex(es) scored:  Maternal       
  Max. children/family:                 1  
  Max. sib pairs/family:                0  

---------------------------------------------------------------------
  Group               Informative count  Total count  % Informative  
---------------------------------------------------------------------
  Pedigrees                           0            1   0.000000      
  Families                            0            1   0.000000      
  Affected children                   0            0   0.000000      
  Affected sib pairs                  0            0   0.000000      
  Sample size                         0            0   0.000000      

----------------------------------------------------------
  Exact test statistic              P-value    Std. err.  
----------------------------------------------------------
  Exact McNemar test                (skipped)             
  Monte Carlo McNemar test          (skipped)             
  Monte Carlo Marginal Homogeneity  (skipped)             

----------------------------------------------------
  Asymptotic test statistic          P-value        
----------------------------------------------------
  McNemar test                       ----------     
  Continuity corrected McNemar test  ----------     
  Marginal homogeneity test          ----------     

