
     L1 L2 L3          h
hap1  0  0  0 0.10781457
hap2  1  0  0 0.09870632
hap3  0  1  0 0.09820761
hap4  1  1  0 0.13442238
hap5  0  0  1 0.16139879
hap6  1  0  1 0.12172285
hap7  0  1  1 0.16846191
hap8  1  1  1 0.10926556

> 
