---
0-1-0  0.098208
0-1-1  0.168462
1-0-0  0.098706
1-0-1  0.121723
1-1-1  0.109266
1-1-0  0.134422
0-0-1  0.161399
0-0-0  0.107815
---
